{"level":"info","message":"=== Akatsuki License System Bootstrap Start ===","service":"akatsuki-license-system","timestamp":"2026-03-31 11:45:14"}
{"level":"info","message":"[Bot] Loaded 5 commands.","service":"akatsuki-license-system","timestamp":"2026-03-31 11:45:14"}
{"level":"info","message":"[Bot] Discord Bot status: ONLINE","service":"akatsuki-license-system","timestamp":"2026-03-31 11:45:16"}
{"level":"info","message":"[API] Server is running on port 3002","service":"akatsuki-license-system","timestamp":"2026-03-31 11:45:16"}
{"level":"info","message":"[API] Core API Server status: ONLINE","service":"akatsuki-license-system","timestamp":"2026-03-31 11:45:16"}
{"level":"info","message":"[UI] Dashboard Server status: ONLINE","service":"akatsuki-license-system","timestamp":"2026-03-31 11:45:16"}
{"0":"*","1":"/","10":"*","2":"1","3":" ","4":"*","5":" ","6":"*","7":" ","8":"*","9":" ","level":"info","message":"[MailService] Mail polling started with cron:","service":"akatsuki-license-system","timestamp":"2026-03-31 11:45:16"}
{"level":"info","message":"[Mail] Mail Polling status: ACTIVE","service":"akatsuki-license-system","timestamp":"2026-03-31 11:45:17"}
{"level":"info","message":"=== Akatsuki License System Bootstrap Complete ===","service":"akatsuki-license-system","timestamp":"2026-03-31 11:45:17"}
{"level":"info","message":"[Bot] Logged in as ライセンス管理#6224","service":"akatsuki-license-system","timestamp":"2026-03-31 11:45:17"}
{"level":"info","message":"=== Akatsuki License System Bootstrap Start ===","service":"akatsuki-license-system","timestamp":"2026-03-31 12:04:41"}
{"level":"info","message":"[Bot] Loaded 5 commands.","service":"akatsuki-license-system","timestamp":"2026-03-31 12:04:41"}
{"level":"info","message":"[Bot] Discord Bot status: ONLINE","service":"akatsuki-license-system","timestamp":"2026-03-31 12:04:43"}
{"level":"info","message":"[API] Server is running on port 3002","service":"akatsuki-license-system","timestamp":"2026-03-31 12:04:43"}
{"level":"info","message":"[API] Core API Server status: ONLINE","service":"akatsuki-license-system","timestamp":"2026-03-31 12:04:43"}
{"level":"info","message":"[UI] Dashboard Server status: ONLINE","service":"akatsuki-license-system","timestamp":"2026-03-31 12:04:43"}
{"0":"*","1":"/","10":"*","2":"1","3":" ","4":"*","5":" ","6":"*","7":" ","8":"*","9":" ","level":"info","message":"[MailService] Mail polling started with cron:","service":"akatsuki-license-system","timestamp":"2026-03-31 12:04:43"}
{"level":"info","message":"[Mail] Mail Polling status: ACTIVE","service":"akatsuki-license-system","timestamp":"2026-03-31 12:04:43"}
{"level":"info","message":"=== Akatsuki License System Bootstrap Complete ===","service":"akatsuki-license-system","timestamp":"2026-03-31 12:04:43"}
{"level":"info","message":"[Bot] Logged in as ライセンス管理#6224","service":"akatsuki-license-system","timestamp":"2026-03-31 12:04:43"}
{"level":"error","message":"[MailService] IMAP error: Timed out while authenticating with server","service":"akatsuki-license-system","source":"timeout-auth","stack":"Error: Timed out while authenticating with server\n    at Timeout._onTimeout (C:\\Users\\dansy\\Desktop\\ライセンス管理\\node_modules\\imap\\lib\\Connection.js:139:17)\n    at listOnTimeout (node:internal/timers:605:17)\n    at process.processTimers (node:internal/timers:541:7)","timestamp":"2026-03-31 12:29:05"}
{"level":"error","message":"[MailService] Scheduled poll failed: Timed out while authenticating with server","service":"akatsuki-license-system","source":"timeout-auth","stack":"Error: Timed out while authenticating with server\n    at Timeout._onTimeout (C:\\Users\\dansy\\Desktop\\ライセンス管理\\node_modules\\imap\\lib\\Connection.js:139:17)\n    at listOnTimeout (node:internal/timers:605:17)\n    at process.processTimers (node:internal/timers:541:7)","timestamp":"2026-03-31 12:29:05"}
{"level":"error","message":"[MailService] IMAP error: Lookup failed 616947a28c9db-6c6fbde3a16mb337779999b6c","service":"akatsuki-license-system","source":"authentication","stack":"Error: Lookup failed 616947a28c9db-6c6fbde3a16mb337779999b6c\n    at Connection._resTagged (C:\\Users\\dansy\\Desktop\\ライセンス管理\\node_modules\\imap\\lib\\Connection.js:1502:11)\n    at Parser.<anonymous> (C:\\Users\\dansy\\Desktop\\ライセンス管理\\node_modules\\imap\\lib\\Connection.js:194:10)\n    at Parser.emit (node:events:508:28)\n    at Parser._resTagged (C:\\Users\\dansy\\Desktop\\ライセンス管理\\node_modules\\imap\\lib\\Parser.js:175:10)\n    at Parser._parse (C:\\Users\\dansy\\Desktop\\ライセンス管理\\node_modules\\imap\\lib\\Parser.js:139:16)\n    at Parser._tryread (C:\\Users\\dansy\\Desktop\\ライセンス管理\\node_modules\\imap\\lib\\Parser.js:82:15)\n    at Parser._cbReadable (C:\\Users\\dansy\\Desktop\\ライセンス管理\\node_modules\\imap\\lib\\Parser.js:53:12)\n    at TLSSocket.emit (node:events:508:28)\n    at emitReadable_ (node:internal/streams/readable:832:12)\n    at process.processTicksAndRejections (node:internal/process/task_queues:88:21)","timestamp":"2026-03-31 12:44:03","type":"no"}
{"level":"error","message":"[MailService] Scheduled poll failed: Lookup failed 616947a28c9db-6c6fbde3a16mb337779999b6c","service":"akatsuki-license-system","source":"authentication","stack":"Error: Lookup failed 616947a28c9db-6c6fbde3a16mb337779999b6c\n    at Connection._resTagged (C:\\Users\\dansy\\Desktop\\ライセンス管理\\node_modules\\imap\\lib\\Connection.js:1502:11)\n    at Parser.<anonymous> (C:\\Users\\dansy\\Desktop\\ライセンス管理\\node_modules\\imap\\lib\\Connection.js:194:10)\n    at Parser.emit (node:events:508:28)\n    at Parser._resTagged (C:\\Users\\dansy\\Desktop\\ライセンス管理\\node_modules\\imap\\lib\\Parser.js:175:10)\n    at Parser._parse (C:\\Users\\dansy\\Desktop\\ライセンス管理\\node_modules\\imap\\lib\\Parser.js:139:16)\n    at Parser._tryread (C:\\Users\\dansy\\Desktop\\ライセンス管理\\node_modules\\imap\\lib\\Parser.js:82:15)\n    at Parser._cbReadable (C:\\Users\\dansy\\Desktop\\ライセンス管理\\node_modules\\imap\\lib\\Parser.js:53:12)\n    at TLSSocket.emit (node:events:508:28)\n    at emitReadable_ (node:internal/streams/readable:832:12)\n    at process.processTicksAndRejections (node:internal/process/task_queues:88:21)","timestamp":"2026-03-31 12:44:03","type":"no"}
