{"level":"info","message":"=== Akatsuki License System Bootstrap Start ===","service":"akatsuki-license-system","timestamp":"2026-03-30 13:41:01"}
{"level":"info","message":"[Bot] Loaded 1 commands.","service":"akatsuki-license-system","timestamp":"2026-03-30 13:41:01"}
{"level":"info","message":"[Bot] Discord Bot status: ONLINE","service":"akatsuki-license-system","timestamp":"2026-03-30 13:41:05"}
{"level":"info","message":"[API] Server is running on port 3002","service":"akatsuki-license-system","timestamp":"2026-03-30 13:41:05"}
{"level":"info","message":"[API] Core API Server status: ONLINE","service":"akatsuki-license-system","timestamp":"2026-03-30 13:41:05"}
{"level":"info","message":"[UI] Dashboard Server status: ONLINE","service":"akatsuki-license-system","timestamp":"2026-03-30 13:41:05"}
{"0":"*","1":"/","10":"*","2":"1","3":" ","4":"*","5":" ","6":"*","7":" ","8":"*","9":" ","level":"info","message":"[MailService] Mail polling started with cron:","service":"akatsuki-license-system","timestamp":"2026-03-30 13:41:05"}
{"level":"info","message":"[Mail] Mail Polling status: ACTIVE","service":"akatsuki-license-system","timestamp":"2026-03-30 13:41:05"}
{"level":"info","message":"=== Akatsuki License System Bootstrap Complete ===","service":"akatsuki-license-system","timestamp":"2026-03-30 13:41:05"}
{"level":"info","message":"[Bot] Logged in as ライセンス管理#6224","service":"akatsuki-license-system","timestamp":"2026-03-30 13:41:05"}
{"level":"info","message":"=== Akatsuki License System Bootstrap Start ===","service":"akatsuki-license-system","timestamp":"2026-03-30 13:58:36"}
{"level":"info","message":"[Bot] Loaded 1 commands.","service":"akatsuki-license-system","timestamp":"2026-03-30 13:58:36"}
{"level":"info","message":"[Bot] Discord Bot status: ONLINE","service":"akatsuki-license-system","timestamp":"2026-03-30 13:58:37"}
{"level":"info","message":"[API] Server is running on port 3002","service":"akatsuki-license-system","timestamp":"2026-03-30 13:58:37"}
{"level":"info","message":"[API] Core API Server status: ONLINE","service":"akatsuki-license-system","timestamp":"2026-03-30 13:58:37"}
{"level":"info","message":"[UI] Dashboard Server status: ONLINE","service":"akatsuki-license-system","timestamp":"2026-03-30 13:58:37"}
{"0":"*","1":"/","10":"*","2":"1","3":" ","4":"*","5":" ","6":"*","7":" ","8":"*","9":" ","level":"info","message":"[MailService] Mail polling started with cron:","service":"akatsuki-license-system","timestamp":"2026-03-30 13:58:37"}
{"level":"info","message":"[Mail] Mail Polling status: ACTIVE","service":"akatsuki-license-system","timestamp":"2026-03-30 13:58:37"}
{"level":"info","message":"=== Akatsuki License System Bootstrap Complete ===","service":"akatsuki-license-system","timestamp":"2026-03-30 13:58:37"}
{"level":"info","message":"[Bot] Logged in as ライセンス管理#6224","service":"akatsuki-license-system","timestamp":"2026-03-30 13:58:37"}
{"level":"info","message":"=== Akatsuki License System Bootstrap Start ===","service":"akatsuki-license-system","timestamp":"2026-03-30 15:02:35"}
{"level":"info","message":"[Bot] Loaded 1 commands.","service":"akatsuki-license-system","timestamp":"2026-03-30 15:02:35"}
{"level":"info","message":"[Bot] Discord Bot status: ONLINE","service":"akatsuki-license-system","timestamp":"2026-03-30 15:02:36"}
{"level":"info","message":"[API] Server is running on port 3002","service":"akatsuki-license-system","timestamp":"2026-03-30 15:02:36"}
{"level":"info","message":"[API] Core API Server status: ONLINE","service":"akatsuki-license-system","timestamp":"2026-03-30 15:02:36"}
{"level":"info","message":"[UI] Dashboard Server status: ONLINE","service":"akatsuki-license-system","timestamp":"2026-03-30 15:02:36"}
{"0":"*","1":"/","10":"*","2":"1","3":" ","4":"*","5":" ","6":"*","7":" ","8":"*","9":" ","level":"info","message":"[MailService] Mail polling started with cron:","service":"akatsuki-license-system","timestamp":"2026-03-30 15:02:36"}
{"level":"info","message":"[Mail] Mail Polling status: ACTIVE","service":"akatsuki-license-system","timestamp":"2026-03-30 15:02:36"}
{"level":"info","message":"=== Akatsuki License System Bootstrap Complete ===","service":"akatsuki-license-system","timestamp":"2026-03-30 15:02:36"}
{"level":"info","message":"[Bot] Logged in as ライセンス管理#6224","service":"akatsuki-license-system","timestamp":"2026-03-30 15:02:36"}
{"level":"info","message":"=== Akatsuki License System Bootstrap Start ===","service":"akatsuki-license-system","timestamp":"2026-03-30 15:12:51"}
{"level":"info","message":"[Bot] Loaded 1 commands.","service":"akatsuki-license-system","timestamp":"2026-03-30 15:12:51"}
{"level":"info","message":"[Bot] Discord Bot status: ONLINE","service":"akatsuki-license-system","timestamp":"2026-03-30 15:12:57"}
{"level":"info","message":"[API] Server is running on port 3002","service":"akatsuki-license-system","timestamp":"2026-03-30 15:12:57"}
{"level":"info","message":"[API] Core API Server status: ONLINE","service":"akatsuki-license-system","timestamp":"2026-03-30 15:12:57"}
{"level":"info","message":"[UI] Dashboard Server status: ONLINE","service":"akatsuki-license-system","timestamp":"2026-03-30 15:12:57"}
{"0":"*","1":"/","10":"*","2":"1","3":" ","4":"*","5":" ","6":"*","7":" ","8":"*","9":" ","level":"info","message":"[MailService] Mail polling started with cron:","service":"akatsuki-license-system","timestamp":"2026-03-30 15:12:57"}
{"level":"info","message":"[Mail] Mail Polling status: ACTIVE","service":"akatsuki-license-system","timestamp":"2026-03-30 15:12:57"}
{"level":"info","message":"=== Akatsuki License System Bootstrap Complete ===","service":"akatsuki-license-system","timestamp":"2026-03-30 15:12:57"}
{"level":"info","message":"[Bot] Logged in as ライセンス管理#6224","service":"akatsuki-license-system","timestamp":"2026-03-30 15:12:57"}
{"level":"error","message":"[MailService] IMAP error: Timed out while authenticating with server","service":"akatsuki-license-system","source":"timeout-auth","stack":"Error: Timed out while authenticating with server\n    at Timeout._onTimeout (C:\\Users\\dansy\\Desktop\\ライセンス管理\\node_modules\\imap\\lib\\Connection.js:139:17)\n    at listOnTimeout (node:internal/timers:605:17)\n    at process.processTimers (node:internal/timers:541:7)","timestamp":"2026-03-30 15:37:07"}
{"level":"error","message":"[MailService] Scheduled poll failed: Timed out while authenticating with server","service":"akatsuki-license-system","source":"timeout-auth","stack":"Error: Timed out while authenticating with server\n    at Timeout._onTimeout (C:\\Users\\dansy\\Desktop\\ライセンス管理\\node_modules\\imap\\lib\\Connection.js:139:17)\n    at listOnTimeout (node:internal/timers:605:17)\n    at process.processTimers (node:internal/timers:541:7)","timestamp":"2026-03-30 15:37:07"}
{"level":"error","message":"[MailService] IMAP error: Timed out while authenticating with server","service":"akatsuki-license-system","source":"timeout-auth","stack":"Error: Timed out while authenticating with server\n    at Timeout._onTimeout (C:\\Users\\dansy\\Desktop\\ライセンス管理\\node_modules\\imap\\lib\\Connection.js:139:17)\n    at listOnTimeout (node:internal/timers:605:17)\n    at process.processTimers (node:internal/timers:541:7)","timestamp":"2026-03-30 15:38:09"}
{"level":"error","message":"[MailService] Scheduled poll failed: Timed out while authenticating with server","service":"akatsuki-license-system","source":"timeout-auth","stack":"Error: Timed out while authenticating with server\n    at Timeout._onTimeout (C:\\Users\\dansy\\Desktop\\ライセンス管理\\node_modules\\imap\\lib\\Connection.js:139:17)\n    at listOnTimeout (node:internal/timers:605:17)\n    at process.processTimers (node:internal/timers:541:7)","timestamp":"2026-03-30 15:38:09"}
{"level":"error","message":"[MailService] IMAP error: Timed out while authenticating with server","service":"akatsuki-license-system","source":"timeout-auth","stack":"Error: Timed out while authenticating with server\n    at Timeout._onTimeout (C:\\Users\\dansy\\Desktop\\ライセンス管理\\node_modules\\imap\\lib\\Connection.js:139:17)\n    at listOnTimeout (node:internal/timers:605:17)\n    at process.processTimers (node:internal/timers:541:7)","timestamp":"2026-03-30 15:42:07"}
{"level":"error","message":"[MailService] Scheduled poll failed: Timed out while authenticating with server","service":"akatsuki-license-system","source":"timeout-auth","stack":"Error: Timed out while authenticating with server\n    at Timeout._onTimeout (C:\\Users\\dansy\\Desktop\\ライセンス管理\\node_modules\\imap\\lib\\Connection.js:139:17)\n    at listOnTimeout (node:internal/timers:605:17)\n    at process.processTimers (node:internal/timers:541:7)","timestamp":"2026-03-30 15:42:07"}
{"level":"error","message":"[MailService] IMAP error: Timed out while authenticating with server","service":"akatsuki-license-system","source":"timeout-auth","stack":"Error: Timed out while authenticating with server\n    at Timeout._onTimeout (C:\\Users\\dansy\\Desktop\\ライセンス管理\\node_modules\\imap\\lib\\Connection.js:139:17)\n    at listOnTimeout (node:internal/timers:605:17)\n    at process.processTimers (node:internal/timers:541:7)","timestamp":"2026-03-30 15:46:08"}
{"level":"error","message":"[MailService] Scheduled poll failed: Timed out while authenticating with server","service":"akatsuki-license-system","source":"timeout-auth","stack":"Error: Timed out while authenticating with server\n    at Timeout._onTimeout (C:\\Users\\dansy\\Desktop\\ライセンス管理\\node_modules\\imap\\lib\\Connection.js:139:17)\n    at listOnTimeout (node:internal/timers:605:17)\n    at process.processTimers (node:internal/timers:541:7)","timestamp":"2026-03-30 15:46:08"}
{"level":"error","message":"[MailService] IMAP error: Timed out while authenticating with server","service":"akatsuki-license-system","source":"timeout-auth","stack":"Error: Timed out while authenticating with server\n    at Timeout._onTimeout (C:\\Users\\dansy\\Desktop\\ライセンス管理\\node_modules\\imap\\lib\\Connection.js:139:17)\n    at listOnTimeout (node:internal/timers:605:17)\n    at process.processTimers (node:internal/timers:541:7)","timestamp":"2026-03-30 15:47:07"}
{"level":"error","message":"[MailService] Scheduled poll failed: Timed out while authenticating with server","service":"akatsuki-license-system","source":"timeout-auth","stack":"Error: Timed out while authenticating with server\n    at Timeout._onTimeout (C:\\Users\\dansy\\Desktop\\ライセンス管理\\node_modules\\imap\\lib\\Connection.js:139:17)\n    at listOnTimeout (node:internal/timers:605:17)\n    at process.processTimers (node:internal/timers:541:7)","timestamp":"2026-03-30 15:47:07"}
{"level":"info","message":"[Bot] Clearing GLOBAL application (/) commands...","service":"akatsuki-license-system","timestamp":"2026-03-30 16:09:10"}
{"level":"info","message":"[Bot] Started refreshing 5 GUILD application (/) commands for 1467338822051430572.","service":"akatsuki-license-system","timestamp":"2026-03-30 16:09:11"}
{"level":"info","message":"[Bot] Successfully reloaded 5 GUILD commands.","service":"akatsuki-license-system","timestamp":"2026-03-30 16:09:12"}
{"level":"info","message":"=== Akatsuki License System Bootstrap Start ===","service":"akatsuki-license-system","timestamp":"2026-03-30 16:47:47"}
{"level":"info","message":"[Bot] Loaded 5 commands.","service":"akatsuki-license-system","timestamp":"2026-03-30 16:47:47"}
{"level":"info","message":"[Bot] Discord Bot status: ONLINE","service":"akatsuki-license-system","timestamp":"2026-03-30 16:47:49"}
{"level":"info","message":"[API] Server is running on port 3002","service":"akatsuki-license-system","timestamp":"2026-03-30 16:47:49"}
{"level":"info","message":"[API] Core API Server status: ONLINE","service":"akatsuki-license-system","timestamp":"2026-03-30 16:47:49"}
{"level":"info","message":"[UI] Dashboard Server status: ONLINE","service":"akatsuki-license-system","timestamp":"2026-03-30 16:47:49"}
{"0":"*","1":"/","10":"*","2":"1","3":" ","4":"*","5":" ","6":"*","7":" ","8":"*","9":" ","level":"info","message":"[MailService] Mail polling started with cron:","service":"akatsuki-license-system","timestamp":"2026-03-30 16:47:49"}
{"level":"info","message":"[Mail] Mail Polling status: ACTIVE","service":"akatsuki-license-system","timestamp":"2026-03-30 16:47:49"}
{"level":"info","message":"=== Akatsuki License System Bootstrap Complete ===","service":"akatsuki-license-system","timestamp":"2026-03-30 16:47:49"}
{"level":"info","message":"[Bot] Logged in as ライセンス管理#6224","service":"akatsuki-license-system","timestamp":"2026-03-30 16:47:49"}
{"code":"42703","file":"parse_relation.c","length":110,"level":"error","line":"3716","message":"[Bot] MyLicense command error: column \"discord_id\" does not exist","name":"error","position":"30","routine":"errorMissingColumn","service":"akatsuki-license-system","severity":"ERROR","stack":"error: column \"discord_id\" does not exist\n    at C:\\Users\\dansy\\Desktop\\ライセンス管理\\node_modules\\pg-pool\\index.js:45:11\n    at process.processTicksAndRejections (node:internal/process/task_queues:103:5)\n    at async Object.query (C:\\Users\\dansy\\Desktop\\ライセンス管理\\src\\config\\database.js:22:21)\n    at async getLicensesByDiscordId (C:\\Users\\dansy\\Desktop\\ライセンス管理\\src\\services\\licenseService.js:82:17)\n    at async Object.execute (C:\\Users\\dansy\\Desktop\\ライセンス管理\\src\\bot\\commands\\mylicense.js:20:30)\n    at async Client.<anonymous> (C:\\Users\\dansy\\Desktop\\ライセンス管理\\src\\bot\\client.js:66:9)","timestamp":"2026-03-30 18:05:17"}
{"level":"info","message":"[Bot] Clearing GLOBAL application (/) commands...","service":"akatsuki-license-system","timestamp":"2026-03-30 18:34:06"}
{"level":"info","message":"[Bot] Started refreshing 5 GUILD application (/) commands for 1467338822051430572.","service":"akatsuki-license-system","timestamp":"2026-03-30 18:34:06"}
{"level":"info","message":"[Bot] Successfully reloaded 5 GUILD commands.","service":"akatsuki-license-system","timestamp":"2026-03-30 18:34:07"}
{"level":"info","message":"=== Akatsuki License System Bootstrap Start ===","service":"akatsuki-license-system","timestamp":"2026-03-30 18:34:09"}
{"level":"info","message":"[Bot] Loaded 5 commands.","service":"akatsuki-license-system","timestamp":"2026-03-30 18:34:09"}
{"level":"info","message":"[Bot] Discord Bot status: ONLINE","service":"akatsuki-license-system","timestamp":"2026-03-30 18:34:11"}
{"level":"info","message":"[API] Server is running on port 3002","service":"akatsuki-license-system","timestamp":"2026-03-30 18:34:11"}
{"level":"info","message":"[API] Core API Server status: ONLINE","service":"akatsuki-license-system","timestamp":"2026-03-30 18:34:11"}
{"level":"info","message":"[UI] Dashboard Server status: ONLINE","service":"akatsuki-license-system","timestamp":"2026-03-30 18:34:11"}
{"0":"*","1":"/","10":"*","2":"1","3":" ","4":"*","5":" ","6":"*","7":" ","8":"*","9":" ","level":"info","message":"[MailService] Mail polling started with cron:","service":"akatsuki-license-system","timestamp":"2026-03-30 18:34:11"}
{"level":"info","message":"[Mail] Mail Polling status: ACTIVE","service":"akatsuki-license-system","timestamp":"2026-03-30 18:34:11"}
{"level":"info","message":"=== Akatsuki License System Bootstrap Complete ===","service":"akatsuki-license-system","timestamp":"2026-03-30 18:34:11"}
{"level":"info","message":"[Bot] Logged in as ライセンス管理#6224","service":"akatsuki-license-system","timestamp":"2026-03-30 18:34:11"}
{"level":"info","message":"[Bot] Clearing GLOBAL application (/) commands...","service":"akatsuki-license-system","timestamp":"2026-03-30 18:49:33"}
{"level":"info","message":"[Bot] Started refreshing 5 GUILD application (/) commands for 1467338822051430572.","service":"akatsuki-license-system","timestamp":"2026-03-30 18:49:33"}
{"level":"info","message":"[Bot] Successfully reloaded 5 GUILD commands.","service":"akatsuki-license-system","timestamp":"2026-03-30 18:49:34"}
{"level":"info","message":"=== Akatsuki License System Bootstrap Start ===","service":"akatsuki-license-system","timestamp":"2026-03-30 18:49:35"}
{"level":"info","message":"[Bot] Loaded 5 commands.","service":"akatsuki-license-system","timestamp":"2026-03-30 18:49:35"}
{"level":"info","message":"[Bot] Discord Bot status: ONLINE","service":"akatsuki-license-system","timestamp":"2026-03-30 18:49:36"}
{"level":"info","message":"[API] Server is running on port 3002","service":"akatsuki-license-system","timestamp":"2026-03-30 18:49:36"}
{"level":"info","message":"[API] Core API Server status: ONLINE","service":"akatsuki-license-system","timestamp":"2026-03-30 18:49:36"}
{"level":"info","message":"[UI] Dashboard Server status: ONLINE","service":"akatsuki-license-system","timestamp":"2026-03-30 18:49:36"}
{"0":"*","1":"/","10":"*","2":"1","3":" ","4":"*","5":" ","6":"*","7":" ","8":"*","9":" ","level":"info","message":"[MailService] Mail polling started with cron:","service":"akatsuki-license-system","timestamp":"2026-03-30 18:49:36"}
{"level":"info","message":"[Mail] Mail Polling status: ACTIVE","service":"akatsuki-license-system","timestamp":"2026-03-30 18:49:36"}
{"level":"info","message":"=== Akatsuki License System Bootstrap Complete ===","service":"akatsuki-license-system","timestamp":"2026-03-30 18:49:36"}
{"level":"info","message":"[Bot] Logged in as ライセンス管理#6224","service":"akatsuki-license-system","timestamp":"2026-03-30 18:49:36"}
{"code":10062,"level":"error","message":"[Bot] MyLicense command error: Unknown interaction","method":"POST","rawError":{"code":10062,"message":"Unknown interaction"},"requestBody":{"json":{"data":{"flags":64},"type":5}},"service":"akatsuki-license-system","stack":"DiscordAPIError[10062]: Unknown interaction\n    at handleErrors (C:\\Users\\dansy\\Desktop\\ライセンス管理\\node_modules\\@discordjs\\rest\\dist\\index.js:762:13)\n    at process.processTicksAndRejections (node:internal/process/task_queues:103:5)\n    at async BurstHandler.runRequest (C:\\Users\\dansy\\Desktop\\ライセンス管理\\node_modules\\@discordjs\\rest\\dist\\index.js:866:23)\n    at async _REST.request (C:\\Users\\dansy\\Desktop\\ライセンス管理\\node_modules\\@discordjs\\rest\\dist\\index.js:1307:22)\n    at async ChatInputCommandInteraction.deferReply (C:\\Users\\dansy\\Desktop\\ライセンス管理\\node_modules\\discord.js\\src\\structures\\interfaces\\InteractionResponses.js:122:22)\n    at async Object.execute (C:\\Users\\dansy\\Desktop\\ライセンス管理\\src\\bot\\commands\\mylicense.js:16:13)\n    at async Client.<anonymous> (C:\\Users\\dansy\\Desktop\\ライセンス管理\\src\\bot\\client.js:66:9)","status":404,"timestamp":"2026-03-30 18:50:34","url":"https://discord.com/api/v10/interactions/1488113188938715156/aW50ZXJhY3Rpb246MTQ4ODExMzE4ODkzODcxNTE1NjpxTFBoaGhTOU5oeHpndFlTYk84RUViYk1JazVkcUJLdWFQUEwyQUhJWUVSRWhzNUlUbU5BS3o3SzRpQkpuRHFnRFBXMDh6RjliQTVWS2NGMmhDck1sckFsNGtad2RiN2lsdTlzV216aGtUU0RTNGx0dG84RDlWYkNtRGxpeG1XYg/callback?with_response=false"}
{"code":"InteractionNotReplied","level":"error","message":"[Bot] Error executing command: The reply to this interaction has not been sent or deferred.","service":"akatsuki-license-system","stack":"Error [InteractionNotReplied]: The reply to this interaction has not been sent or deferred.\n    at ChatInputCommandInteraction.editReply (C:\\Users\\dansy\\Desktop\\ライセンス管理\\node_modules\\discord.js\\src\\structures\\interfaces\\InteractionResponses.js:246:48)\n    at Object.execute (C:\\Users\\dansy\\Desktop\\ライセンス管理\\src\\bot\\commands\\mylicense.js:57:31)\n    at process.processTicksAndRejections (node:internal/process/task_queues:103:5)\n    at async Client.<anonymous> (C:\\Users\\dansy\\Desktop\\ライセンス管理\\src\\bot\\client.js:66:9)","timestamp":"2026-03-30 18:50:34"}
{"level":"error","message":"[MailService] IMAP error: Timed out while authenticating with server","service":"akatsuki-license-system","source":"timeout-auth","stack":"Error: Timed out while authenticating with server\n    at Timeout._onTimeout (C:\\Users\\dansy\\Desktop\\ライセンス管理\\node_modules\\imap\\lib\\Connection.js:139:17)\n    at listOnTimeout (node:internal/timers:605:17)\n    at process.processTimers (node:internal/timers:541:7)","timestamp":"2026-03-30 19:13:05"}
{"level":"error","message":"[MailService] Scheduled poll failed: Timed out while authenticating with server","service":"akatsuki-license-system","source":"timeout-auth","stack":"Error: Timed out while authenticating with server\n    at Timeout._onTimeout (C:\\Users\\dansy\\Desktop\\ライセンス管理\\node_modules\\imap\\lib\\Connection.js:139:17)\n    at listOnTimeout (node:internal/timers:605:17)\n    at process.processTimers (node:internal/timers:541:7)","timestamp":"2026-03-30 19:13:05"}
{"level":"info","message":"[Bot] Clearing GLOBAL application (/) commands...","service":"akatsuki-license-system","timestamp":"2026-03-30 19:33:33"}
{"level":"info","message":"[Bot] Started refreshing 5 GUILD application (/) commands for 1467338822051430572.","service":"akatsuki-license-system","timestamp":"2026-03-30 19:33:33"}
{"level":"info","message":"[Bot] Successfully reloaded 5 GUILD commands.","service":"akatsuki-license-system","timestamp":"2026-03-30 19:33:34"}
{"level":"info","message":"=== Akatsuki License System Bootstrap Start ===","service":"akatsuki-license-system","timestamp":"2026-03-30 19:33:35"}
{"level":"info","message":"[Bot] Loaded 5 commands.","service":"akatsuki-license-system","timestamp":"2026-03-30 19:33:35"}
{"level":"info","message":"[Bot] Discord Bot status: ONLINE","service":"akatsuki-license-system","timestamp":"2026-03-30 19:33:36"}
{"level":"info","message":"[API] Server is running on port 3002","service":"akatsuki-license-system","timestamp":"2026-03-30 19:33:36"}
{"level":"info","message":"[API] Core API Server status: ONLINE","service":"akatsuki-license-system","timestamp":"2026-03-30 19:33:36"}
{"level":"info","message":"[UI] Dashboard Server status: ONLINE","service":"akatsuki-license-system","timestamp":"2026-03-30 19:33:36"}
{"0":"*","1":"/","10":"*","2":"1","3":" ","4":"*","5":" ","6":"*","7":" ","8":"*","9":" ","level":"info","message":"[MailService] Mail polling started with cron:","service":"akatsuki-license-system","timestamp":"2026-03-30 19:33:36"}
{"level":"info","message":"[Mail] Mail Polling status: ACTIVE","service":"akatsuki-license-system","timestamp":"2026-03-30 19:33:36"}
{"level":"info","message":"=== Akatsuki License System Bootstrap Complete ===","service":"akatsuki-license-system","timestamp":"2026-03-30 19:33:36"}
{"level":"info","message":"[Bot] Logged in as ライセンス管理#6224","service":"akatsuki-license-system","timestamp":"2026-03-30 19:33:36"}
{"code":10062,"level":"error","message":"[Bot] MyLicense command error: Unknown interaction","method":"POST","rawError":{"code":10062,"message":"Unknown interaction"},"requestBody":{"json":{"data":{"flags":64},"type":5}},"service":"akatsuki-license-system","stack":"DiscordAPIError[10062]: Unknown interaction\n    at handleErrors (C:\\Users\\dansy\\Desktop\\ライセンス管理\\node_modules\\@discordjs\\rest\\dist\\index.js:762:13)\n    at process.processTicksAndRejections (node:internal/process/task_queues:103:5)\n    at async BurstHandler.runRequest (C:\\Users\\dansy\\Desktop\\ライセンス管理\\node_modules\\@discordjs\\rest\\dist\\index.js:866:23)\n    at async _REST.request (C:\\Users\\dansy\\Desktop\\ライセンス管理\\node_modules\\@discordjs\\rest\\dist\\index.js:1307:22)\n    at async ChatInputCommandInteraction.deferReply (C:\\Users\\dansy\\Desktop\\ライセンス管理\\node_modules\\discord.js\\src\\structures\\interfaces\\InteractionResponses.js:122:22)\n    at async Object.execute (C:\\Users\\dansy\\Desktop\\ライセンス管理\\src\\bot\\commands\\mylicense.js:16:13)\n    at async Client.<anonymous> (C:\\Users\\dansy\\Desktop\\ライセンス管理\\src\\bot\\client.js:66:9)","status":404,"timestamp":"2026-03-30 19:37:08","url":"https://discord.com/api/v10/interactions/1488124909916917911/aW50ZXJhY3Rpb246MTQ4ODEyNDkwOTkxNjkxNzkxMTpFT3RvVWNrVGdFQ1VaS1JOMXR2emdxQThRcDhydGlqZnd0WlFGd0xGN1RqVTl4YUc4cmtRTzZ5b0RINWZKb1FvM085a09qQ1Y4SXoyQmxwOUZEdUFjdlhzS2VvWU8yc09OYmRrVEpVMHNZMUZ2R3g3TE16R1BmR2RSZ1hvajV5Mw/callback?with_response=false"}
{"code":"InteractionNotReplied","level":"error","message":"[Bot] Error executing command: The reply to this interaction has not been sent or deferred.","service":"akatsuki-license-system","stack":"Error [InteractionNotReplied]: The reply to this interaction has not been sent or deferred.\n    at ChatInputCommandInteraction.editReply (C:\\Users\\dansy\\Desktop\\ライセンス管理\\node_modules\\discord.js\\src\\structures\\interfaces\\InteractionResponses.js:246:48)\n    at Object.execute (C:\\Users\\dansy\\Desktop\\ライセンス管理\\src\\bot\\commands\\mylicense.js:57:31)\n    at process.processTicksAndRejections (node:internal/process/task_queues:103:5)\n    at async Client.<anonymous> (C:\\Users\\dansy\\Desktop\\ライセンス管理\\src\\bot\\client.js:66:9)","timestamp":"2026-03-30 19:37:09"}
{"code":10062,"level":"error","message":"[Bot] MyLicense command error: Unknown interaction","method":"POST","rawError":{"code":10062,"message":"Unknown interaction"},"requestBody":{"json":{"data":{"flags":64},"type":5}},"service":"akatsuki-license-system","stack":"DiscordAPIError[10062]: Unknown interaction\n    at handleErrors (C:\\Users\\dansy\\Desktop\\ライセンス管理\\node_modules\\@discordjs\\rest\\dist\\index.js:762:13)\n    at process.processTicksAndRejections (node:internal/process/task_queues:103:5)\n    at async BurstHandler.runRequest (C:\\Users\\dansy\\Desktop\\ライセンス管理\\node_modules\\@discordjs\\rest\\dist\\index.js:866:23)\n    at async _REST.request (C:\\Users\\dansy\\Desktop\\ライセンス管理\\node_modules\\@discordjs\\rest\\dist\\index.js:1307:22)\n    at async ChatInputCommandInteraction.deferReply (C:\\Users\\dansy\\Desktop\\ライセンス管理\\node_modules\\discord.js\\src\\structures\\interfaces\\InteractionResponses.js:122:22)\n    at async Object.execute (C:\\Users\\dansy\\Desktop\\ライセンス管理\\src\\bot\\commands\\mylicense.js:16:13)\n    at async Client.<anonymous> (C:\\Users\\dansy\\Desktop\\ライセンス管理\\src\\bot\\client.js:66:9)","status":404,"timestamp":"2026-03-30 19:37:09","url":"https://discord.com/api/v10/interactions/1488124909916917911/aW50ZXJhY3Rpb246MTQ4ODEyNDkwOTkxNjkxNzkxMTpFT3RvVWNrVGdFQ1VaS1JOMXR2emdxQThRcDhydGlqZnd0WlFGd0xGN1RqVTl4YUc4cmtRTzZ5b0RINWZKb1FvM085a09qQ1Y4SXoyQmxwOUZEdUFjdlhzS2VvWU8yc09OYmRrVEpVMHNZMUZ2R3g3TE16R1BmR2RSZ1hvajV5Mw/callback?with_response=false"}
{"code":"InteractionNotReplied","level":"error","message":"[Bot] Error executing command: The reply to this interaction has not been sent or deferred.","service":"akatsuki-license-system","stack":"Error [InteractionNotReplied]: The reply to this interaction has not been sent or deferred.\n    at ChatInputCommandInteraction.editReply (C:\\Users\\dansy\\Desktop\\ライセンス管理\\node_modules\\discord.js\\src\\structures\\interfaces\\InteractionResponses.js:246:48)\n    at Object.execute (C:\\Users\\dansy\\Desktop\\ライセンス管理\\src\\bot\\commands\\mylicense.js:57:31)\n    at process.processTicksAndRejections (node:internal/process/task_queues:103:5)\n    at async Client.<anonymous> (C:\\Users\\dansy\\Desktop\\ライセンス管理\\src\\bot\\client.js:66:9)","timestamp":"2026-03-30 19:37:09"}
{"level":"info","message":"[Bot] Clearing GLOBAL application (/) commands...","service":"akatsuki-license-system","timestamp":"2026-03-30 20:23:47"}
{"level":"info","message":"[Bot] Started refreshing 5 GUILD application (/) commands for 1467338822051430572.","service":"akatsuki-license-system","timestamp":"2026-03-30 20:23:47"}
{"level":"info","message":"[Bot] Successfully reloaded 5 GUILD commands.","service":"akatsuki-license-system","timestamp":"2026-03-30 20:23:48"}
{"level":"error","message":"[MailService] IMAP error: Timed out while authenticating with server","service":"akatsuki-license-system","source":"timeout-auth","stack":"Error: Timed out while authenticating with server\n    at Timeout._onTimeout (C:\\Users\\dansy\\Desktop\\ライセンス管理\\node_modules\\imap\\lib\\Connection.js:139:17)\n    at listOnTimeout (node:internal/timers:605:17)\n    at process.processTimers (node:internal/timers:541:7)","timestamp":"2026-03-30 21:04:05"}
{"level":"error","message":"[MailService] Scheduled poll failed: Timed out while authenticating with server","service":"akatsuki-license-system","source":"timeout-auth","stack":"Error: Timed out while authenticating with server\n    at Timeout._onTimeout (C:\\Users\\dansy\\Desktop\\ライセンス管理\\node_modules\\imap\\lib\\Connection.js:139:17)\n    at listOnTimeout (node:internal/timers:605:17)\n    at process.processTimers (node:internal/timers:541:7)","timestamp":"2026-03-30 21:04:05"}
{"level":"info","message":"[Bot] Clearing GLOBAL application (/) commands...","service":"akatsuki-license-system","timestamp":"2026-03-30 21:10:37"}
{"level":"info","message":"[Bot] Started refreshing 5 GUILD application (/) commands for 1467338822051430572.","service":"akatsuki-license-system","timestamp":"2026-03-30 21:10:37"}
{"level":"info","message":"[Bot] Successfully reloaded 5 GUILD commands.","service":"akatsuki-license-system","timestamp":"2026-03-30 21:10:38"}
